{
  "version": "1.5.0",
  "plugins_used": [
    {
      "name": "ArtifactoryDetector"
    },
    {
      "name": "AWSKeyDetector"
    },
    {
      "name": "AzureStorageKeyDetector"
    },
    {
      "name": "Base64HighEntropyString",
      "limit": 4.5
    },
    {
      "name": "BasicAuthDetector"
    },
    {
      "name": "CloudantDetector"
    },
    {
      "name": "DiscordBotTokenDetector"
    },
    {
      "name": "GitHubTokenDetector"
    },
    {
      "name": "GitLabTokenDetector"
    },
    {
      "name": "HexHighEntropyString",
      "limit": 3.0
    },
    {
      "name": "IbmCloudIamDetector"
    },
    {
      "name": "IbmCosHmacDetector"
    },
    {
      "name": "IPPublicDetector"
    },
    {
      "name": "JwtTokenDetector"
    },
    {
      "name": "KeywordDetector",
      "keyword_exclude": ""
    },
    {
      "name": "MailchimpDetector"
    },
    {
      "name": "NpmDetector"
    },
    {
      "name": "OpenAIDetector"
    },
    {
      "name": "PrivateKeyDetector"
    },
    {
      "name": "PypiTokenDetector"
    },
    {
      "name": "SendGridDetector"
    },
    {
      "name": "SlackDetector"
    },
    {
      "name": "SoftlayerDetector"
    },
    {
      "name": "SquareOAuthDetector"
    },
    {
      "name": "StripeDetector"
    },
    {
      "name": "TelegramBotTokenDetector"
    },
    {
      "name": "TwilioKeyDetector"
    }
  ],
  "filters_used": [
    {
      "path": "detect_secrets.filters.allowlist.is_line_allowlisted"
    },
    {
      "path": "detect_secrets.filters.common.is_ignored_due_to_verification_policies",
      "min_level": 2
    },
    {
      "path": "detect_secrets.filters.heuristic.is_indirect_reference"
    },
    {
      "path": "detect_secrets.filters.heuristic.is_likely_id_string"
    },
    {
      "path": "detect_secrets.filters.heuristic.is_lock_file"
    },
    {
      "path": "detect_secrets.filters.heuristic.is_not_alphanumeric_string"
    },
    {
      "path": "detect_secrets.filters.heuristic.is_potential_uuid"
    },
    {
      "path": "detect_secrets.filters.heuristic.is_prefixed_with_dollar_sign"
    },
    {
      "path": "detect_secrets.filters.heuristic.is_sequential_string"
    },
    {
      "path": "detect_secrets.filters.heuristic.is_swagger_file"
    },
    {
      "path": "detect_secrets.filters.heuristic.is_templated_secret"
    }
  ],
  "results": {
    "notebooks\\01_eda_corpus.ipynb": [
      {
        "type": "Hex High Entropy String",
        "filename": "notebooks\\01_eda_corpus.ipynb",
        "hashed_secret": "710c91edd7984b025f47830ec2ba0506894eed3f",
        "is_verified": false,
        "line_number": 5
      },
      {
        "type": "Hex High Entropy String",
        "filename": "notebooks\\01_eda_corpus.ipynb",
        "hashed_secret": "e1f9a3f35c6bff77f847a39b4c4a5c9eb2892ecb",
        "is_verified": false,
        "line_number": 27
      },
      {
        "type": "Hex High Entropy String",
        "filename": "notebooks\\01_eda_corpus.ipynb",
        "hashed_secret": "4f248bc40ab0f68e2dceb22e38c52828ee276179",
        "is_verified": false,
        "line_number": 55
      },
      {
        "type": "Hex High Entropy String",
        "filename": "notebooks\\01_eda_corpus.ipynb",
        "hashed_secret": "d73541f2527eda15a3f3ab0018e4047afc81c7eb",
        "is_verified": false,
        "line_number": 64
      },
      {
        "type": "Hex High Entropy String",
        "filename": "notebooks\\01_eda_corpus.ipynb",
        "hashed_secret": "336e39a34addaaa1dcefb999629f7106e531126e",
        "is_verified": false,
        "line_number": 75
      },
      {
        "type": "Hex High Entropy String",
        "filename": "notebooks\\01_eda_corpus.ipynb",
        "hashed_secret": "b98ce2f8214f1c209f6371e4247784ef35088cfb",
        "is_verified": false,
        "line_number": 88
      },
      {
        "type": "Hex High Entropy String",
        "filename": "notebooks\\01_eda_corpus.ipynb",
        "hashed_secret": "0b355e25f86a10feb31c1a21780f1fa47c220cb0",
        "is_verified": false,
        "line_number": 98
      },
      {
        "type": "Hex High Entropy String",
        "filename": "notebooks\\01_eda_corpus.ipynb",
        "hashed_secret": "ed89e7dcaf1777f9efea0ab0797fbd10b2c7d226",
        "is_verified": false,
        "line_number": 111
      },
      {
        "type": "Hex High Entropy String",
        "filename": "notebooks\\01_eda_corpus.ipynb",
        "hashed_secret": "3b098c08c5c3f9aade0f5d78d7a46ed9d6633396",
        "is_verified": false,
        "line_number": 126
      },
      {
        "type": "Hex High Entropy String",
        "filename": "notebooks\\01_eda_corpus.ipynb",
        "hashed_secret": "64ce44107c9383081cb7af635c42e6c9f697924e",
        "is_verified": false,
        "line_number": 140
      },
      {
        "type": "Hex High Entropy String",
        "filename": "notebooks\\01_eda_corpus.ipynb",
        "hashed_secret": "120af08b9008eb12935bb932b84007e204356c71",
        "is_verified": false,
        "line_number": 150
      },
      {
        "type": "Hex High Entropy String",
        "filename": "notebooks\\01_eda_corpus.ipynb",
        "hashed_secret": "e9fea335d59dc693b3646559179efb4c2d5c4fbd",
        "is_verified": false,
        "line_number": 163
      },
      {
        "type": "Hex High Entropy String",
        "filename": "notebooks\\01_eda_corpus.ipynb",
        "hashed_secret": "9e8151d8c3ceca78404381832ab1faa4f2e3f88b",
        "is_verified": false,
        "line_number": 182
      },
      {
        "type": "Hex High Entropy String",
        "filename": "notebooks\\01_eda_corpus.ipynb",
        "hashed_secret": "e44c97e80dd328fe374feab439d6dc4cb0981741",
        "is_verified": false,
        "line_number": 195
      },
      {
        "type": "Hex High Entropy String",
        "filename": "notebooks\\01_eda_corpus.ipynb",
        "hashed_secret": "1f7b9cb4284737fa39ddb6d8a588ac296463e295",
        "is_verified": false,
        "line_number": 213
      }
    ],
    "notebooks\\02_diagnostico_rotulagem.ipynb": [
      {
        "type": "Hex High Entropy String",
        "filename": "notebooks\\02_diagnostico_rotulagem.ipynb",
        "hashed_secret": "710c91edd7984b025f47830ec2ba0506894eed3f",
        "is_verified": false,
        "line_number": 5
      },
      {
        "type": "Hex High Entropy String",
        "filename": "notebooks\\02_diagnostico_rotulagem.ipynb",
        "hashed_secret": "e1f9a3f35c6bff77f847a39b4c4a5c9eb2892ecb",
        "is_verified": false,
        "line_number": 32
      },
      {
        "type": "Hex High Entropy String",
        "filename": "notebooks\\02_diagnostico_rotulagem.ipynb",
        "hashed_secret": "4f248bc40ab0f68e2dceb22e38c52828ee276179",
        "is_verified": false,
        "line_number": 39
      },
      {
        "type": "Hex High Entropy String",
        "filename": "notebooks\\02_diagnostico_rotulagem.ipynb",
        "hashed_secret": "d73541f2527eda15a3f3ab0018e4047afc81c7eb",
        "is_verified": false,
        "line_number": 55
      },
      {
        "type": "Hex High Entropy String",
        "filename": "notebooks\\02_diagnostico_rotulagem.ipynb",
        "hashed_secret": "336e39a34addaaa1dcefb999629f7106e531126e",
        "is_verified": false,
        "line_number": 78
      },
      {
        "type": "Hex High Entropy String",
        "filename": "notebooks\\02_diagnostico_rotulagem.ipynb",
        "hashed_secret": "b98ce2f8214f1c209f6371e4247784ef35088cfb",
        "is_verified": false,
        "line_number": 92
      },
      {
        "type": "Hex High Entropy String",
        "filename": "notebooks\\02_diagnostico_rotulagem.ipynb",
        "hashed_secret": "0b355e25f86a10feb31c1a21780f1fa47c220cb0",
        "is_verified": false,
        "line_number": 122
      },
      {
        "type": "Hex High Entropy String",
        "filename": "notebooks\\02_diagnostico_rotulagem.ipynb",
        "hashed_secret": "ed89e7dcaf1777f9efea0ab0797fbd10b2c7d226",
        "is_verified": false,
        "line_number": 138
      },
      {
        "type": "Hex High Entropy String",
        "filename": "notebooks\\02_diagnostico_rotulagem.ipynb",
        "hashed_secret": "3b098c08c5c3f9aade0f5d78d7a46ed9d6633396",
        "is_verified": false,
        "line_number": 172
      },
      {
        "type": "Hex High Entropy String",
        "filename": "notebooks\\02_diagnostico_rotulagem.ipynb",
        "hashed_secret": "64ce44107c9383081cb7af635c42e6c9f697924e",
        "is_verified": false,
        "line_number": 188
      },
      {
        "type": "Hex High Entropy String",
        "filename": "notebooks\\02_diagnostico_rotulagem.ipynb",
        "hashed_secret": "120af08b9008eb12935bb932b84007e204356c71",
        "is_verified": false,
        "line_number": 214
      }
    ],
    "notebooks\\03_engenharia_features.ipynb": [
      {
        "type": "Hex High Entropy String",
        "filename": "notebooks\\03_engenharia_features.ipynb",
        "hashed_secret": "710c91edd7984b025f47830ec2ba0506894eed3f",
        "is_verified": false,
        "line_number": 5
      },
      {
        "type": "Hex High Entropy String",
        "filename": "notebooks\\03_engenharia_features.ipynb",
        "hashed_secret": "e1f9a3f35c6bff77f847a39b4c4a5c9eb2892ecb",
        "is_verified": false,
        "line_number": 28
      },
      {
        "type": "Hex High Entropy String",
        "filename": "notebooks\\03_engenharia_features.ipynb",
        "hashed_secret": "4f248bc40ab0f68e2dceb22e38c52828ee276179",
        "is_verified": false,
        "line_number": 57
      },
      {
        "type": "Hex High Entropy String",
        "filename": "notebooks\\03_engenharia_features.ipynb",
        "hashed_secret": "d73541f2527eda15a3f3ab0018e4047afc81c7eb",
        "is_verified": false,
        "line_number": 66
      },
      {
        "type": "Hex High Entropy String",
        "filename": "notebooks\\03_engenharia_features.ipynb",
        "hashed_secret": "336e39a34addaaa1dcefb999629f7106e531126e",
        "is_verified": false,
        "line_number": 79
      },
      {
        "type": "Hex High Entropy String",
        "filename": "notebooks\\03_engenharia_features.ipynb",
        "hashed_secret": "b98ce2f8214f1c209f6371e4247784ef35088cfb",
        "is_verified": false,
        "line_number": 88
      },
      {
        "type": "Hex High Entropy String",
        "filename": "notebooks\\03_engenharia_features.ipynb",
        "hashed_secret": "0b355e25f86a10feb31c1a21780f1fa47c220cb0",
        "is_verified": false,
        "line_number": 110
      },
      {
        "type": "Hex High Entropy String",
        "filename": "notebooks\\03_engenharia_features.ipynb",
        "hashed_secret": "ed89e7dcaf1777f9efea0ab0797fbd10b2c7d226",
        "is_verified": false,
        "line_number": 124
      },
      {
        "type": "Hex High Entropy String",
        "filename": "notebooks\\03_engenharia_features.ipynb",
        "hashed_secret": "3b098c08c5c3f9aade0f5d78d7a46ed9d6633396",
        "is_verified": false,
        "line_number": 141
      },
      {
        "type": "Hex High Entropy String",
        "filename": "notebooks\\03_engenharia_features.ipynb",
        "hashed_secret": "64ce44107c9383081cb7af635c42e6c9f697924e",
        "is_verified": false,
        "line_number": 155
      },
      {
        "type": "Hex High Entropy String",
        "filename": "notebooks\\03_engenharia_features.ipynb",
        "hashed_secret": "120af08b9008eb12935bb932b84007e204356c71",
        "is_verified": false,
        "line_number": 177
      },
      {
        "type": "Hex High Entropy String",
        "filename": "notebooks\\03_engenharia_features.ipynb",
        "hashed_secret": "e9fea335d59dc693b3646559179efb4c2d5c4fbd",
        "is_verified": false,
        "line_number": 191
      },
      {
        "type": "Hex High Entropy String",
        "filename": "notebooks\\03_engenharia_features.ipynb",
        "hashed_secret": "9e8151d8c3ceca78404381832ab1faa4f2e3f88b",
        "is_verified": false,
        "line_number": 221
      }
    ],
    "notebooks\\04_ml_classico.ipynb": [
      {
        "type": "Hex High Entropy String",
        "filename": "notebooks\\04_ml_classico.ipynb",
        "hashed_secret": "710c91edd7984b025f47830ec2ba0506894eed3f",
        "is_verified": false,
        "line_number": 5
      },
      {
        "type": "Hex High Entropy String",
        "filename": "notebooks\\04_ml_classico.ipynb",
        "hashed_secret": "e1f9a3f35c6bff77f847a39b4c4a5c9eb2892ecb",
        "is_verified": false,
        "line_number": 31
      },
      {
        "type": "Hex High Entropy String",
        "filename": "notebooks\\04_ml_classico.ipynb",
        "hashed_secret": "4f248bc40ab0f68e2dceb22e38c52828ee276179",
        "is_verified": false,
        "line_number": 69
      },
      {
        "type": "Hex High Entropy String",
        "filename": "notebooks\\04_ml_classico.ipynb",
        "hashed_secret": "d73541f2527eda15a3f3ab0018e4047afc81c7eb",
        "is_verified": false,
        "line_number": 82
      },
      {
        "type": "Hex High Entropy String",
        "filename": "notebooks\\04_ml_classico.ipynb",
        "hashed_secret": "336e39a34addaaa1dcefb999629f7106e531126e",
        "is_verified": false,
        "line_number": 100
      },
      {
        "type": "Hex High Entropy String",
        "filename": "notebooks\\04_ml_classico.ipynb",
        "hashed_secret": "b98ce2f8214f1c209f6371e4247784ef35088cfb",
        "is_verified": false,
        "line_number": 109
      },
      {
        "type": "Hex High Entropy String",
        "filename": "notebooks\\04_ml_classico.ipynb",
        "hashed_secret": "0b355e25f86a10feb31c1a21780f1fa47c220cb0",
        "is_verified": false,
        "line_number": 132
      },
      {
        "type": "Hex High Entropy String",
        "filename": "notebooks\\04_ml_classico.ipynb",
        "hashed_secret": "ed89e7dcaf1777f9efea0ab0797fbd10b2c7d226",
        "is_verified": false,
        "line_number": 141
      },
      {
        "type": "Hex High Entropy String",
        "filename": "notebooks\\04_ml_classico.ipynb",
        "hashed_secret": "3b098c08c5c3f9aade0f5d78d7a46ed9d6633396",
        "is_verified": false,
        "line_number": 181
      }
    ],
    "notebooks\\05_deep_learning_transformers.ipynb": [
      {
        "type": "Hex High Entropy String",
        "filename": "notebooks\\05_deep_learning_transformers.ipynb",
        "hashed_secret": "710c91edd7984b025f47830ec2ba0506894eed3f",
        "is_verified": false,
        "line_number": 5
      },
      {
        "type": "Hex High Entropy String",
        "filename": "notebooks\\05_deep_learning_transformers.ipynb",
        "hashed_secret": "e1f9a3f35c6bff77f847a39b4c4a5c9eb2892ecb",
        "is_verified": false,
        "line_number": 28
      },
      {
        "type": "Hex High Entropy String",
        "filename": "notebooks\\05_deep_learning_transformers.ipynb",
        "hashed_secret": "4f248bc40ab0f68e2dceb22e38c52828ee276179",
        "is_verified": false,
        "line_number": 66
      },
      {
        "type": "Hex High Entropy String",
        "filename": "notebooks\\05_deep_learning_transformers.ipynb",
        "hashed_secret": "d73541f2527eda15a3f3ab0018e4047afc81c7eb",
        "is_verified": false,
        "line_number": 80
      },
      {
        "type": "Hex High Entropy String",
        "filename": "notebooks\\05_deep_learning_transformers.ipynb",
        "hashed_secret": "336e39a34addaaa1dcefb999629f7106e531126e",
        "is_verified": false,
        "line_number": 111
      },
      {
        "type": "Hex High Entropy String",
        "filename": "notebooks\\05_deep_learning_transformers.ipynb",
        "hashed_secret": "b98ce2f8214f1c209f6371e4247784ef35088cfb",
        "is_verified": false,
        "line_number": 120
      },
      {
        "type": "Hex High Entropy String",
        "filename": "notebooks\\05_deep_learning_transformers.ipynb",
        "hashed_secret": "0b355e25f86a10feb31c1a21780f1fa47c220cb0",
        "is_verified": false,
        "line_number": 154
      }
    ],
    "notebooks\\06_llm_prompting.ipynb": [
      {
        "type": "Hex High Entropy String",
        "filename": "notebooks\\06_llm_prompting.ipynb",
        "hashed_secret": "710c91edd7984b025f47830ec2ba0506894eed3f",
        "is_verified": false,
        "line_number": 5
      },
      {
        "type": "Hex High Entropy String",
        "filename": "notebooks\\06_llm_prompting.ipynb",
        "hashed_secret": "e1f9a3f35c6bff77f847a39b4c4a5c9eb2892ecb",
        "is_verified": false,
        "line_number": 23
      },
      {
        "type": "Hex High Entropy String",
        "filename": "notebooks\\06_llm_prompting.ipynb",
        "hashed_secret": "4f248bc40ab0f68e2dceb22e38c52828ee276179",
        "is_verified": false,
        "line_number": 53
      },
      {
        "type": "Hex High Entropy String",
        "filename": "notebooks\\06_llm_prompting.ipynb",
        "hashed_secret": "d73541f2527eda15a3f3ab0018e4047afc81c7eb",
        "is_verified": false,
        "line_number": 62
      },
      {
        "type": "Hex High Entropy String",
        "filename": "notebooks\\06_llm_prompting.ipynb",
        "hashed_secret": "336e39a34addaaa1dcefb999629f7106e531126e",
        "is_verified": false,
        "line_number": 95
      },
      {
        "type": "Hex High Entropy String",
        "filename": "notebooks\\06_llm_prompting.ipynb",
        "hashed_secret": "b98ce2f8214f1c209f6371e4247784ef35088cfb",
        "is_verified": false,
        "line_number": 104
      },
      {
        "type": "Hex High Entropy String",
        "filename": "notebooks\\06_llm_prompting.ipynb",
        "hashed_secret": "0b355e25f86a10feb31c1a21780f1fa47c220cb0",
        "is_verified": false,
        "line_number": 122
      },
      {
        "type": "Hex High Entropy String",
        "filename": "notebooks\\06_llm_prompting.ipynb",
        "hashed_secret": "ed89e7dcaf1777f9efea0ab0797fbd10b2c7d226",
        "is_verified": false,
        "line_number": 135
      },
      {
        "type": "Hex High Entropy String",
        "filename": "notebooks\\06_llm_prompting.ipynb",
        "hashed_secret": "3b098c08c5c3f9aade0f5d78d7a46ed9d6633396",
        "is_verified": false,
        "line_number": 142
      }
    ],
    "notebooks\\07_avaliacao_comparativa.ipynb": [
      {
        "type": "Hex High Entropy String",
        "filename": "notebooks\\07_avaliacao_comparativa.ipynb",
        "hashed_secret": "710c91edd7984b025f47830ec2ba0506894eed3f",
        "is_verified": false,
        "line_number": 5
      },
      {
        "type": "Hex High Entropy String",
        "filename": "notebooks\\07_avaliacao_comparativa.ipynb",
        "hashed_secret": "e1f9a3f35c6bff77f847a39b4c4a5c9eb2892ecb",
        "is_verified": false,
        "line_number": 32
      },
      {
        "type": "Hex High Entropy String",
        "filename": "notebooks\\07_avaliacao_comparativa.ipynb",
        "hashed_secret": "4f248bc40ab0f68e2dceb22e38c52828ee276179",
        "is_verified": false,
        "line_number": 67
      },
      {
        "type": "Hex High Entropy String",
        "filename": "notebooks\\07_avaliacao_comparativa.ipynb",
        "hashed_secret": "d73541f2527eda15a3f3ab0018e4047afc81c7eb",
        "is_verified": false,
        "line_number": 76
      },
      {
        "type": "Hex High Entropy String",
        "filename": "notebooks\\07_avaliacao_comparativa.ipynb",
        "hashed_secret": "336e39a34addaaa1dcefb999629f7106e531126e",
        "is_verified": false,
        "line_number": 102
      },
      {
        "type": "Hex High Entropy String",
        "filename": "notebooks\\07_avaliacao_comparativa.ipynb",
        "hashed_secret": "b98ce2f8214f1c209f6371e4247784ef35088cfb",
        "is_verified": false,
        "line_number": 114
      },
      {
        "type": "Hex High Entropy String",
        "filename": "notebooks\\07_avaliacao_comparativa.ipynb",
        "hashed_secret": "0b355e25f86a10feb31c1a21780f1fa47c220cb0",
        "is_verified": false,
        "line_number": 136
      },
      {
        "type": "Hex High Entropy String",
        "filename": "notebooks\\07_avaliacao_comparativa.ipynb",
        "hashed_secret": "ed89e7dcaf1777f9efea0ab0797fbd10b2c7d226",
        "is_verified": false,
        "line_number": 147
      },
      {
        "type": "Hex High Entropy String",
        "filename": "notebooks\\07_avaliacao_comparativa.ipynb",
        "hashed_secret": "3b098c08c5c3f9aade0f5d78d7a46ed9d6633396",
        "is_verified": false,
        "line_number": 160
      },
      {
        "type": "Hex High Entropy String",
        "filename": "notebooks\\07_avaliacao_comparativa.ipynb",
        "hashed_secret": "64ce44107c9383081cb7af635c42e6c9f697924e",
        "is_verified": false,
        "line_number": 179
      },
      {
        "type": "Hex High Entropy String",
        "filename": "notebooks\\07_avaliacao_comparativa.ipynb",
        "hashed_secret": "120af08b9008eb12935bb932b84007e204356c71",
        "is_verified": false,
        "line_number": 195
      },
      {
        "type": "Hex High Entropy String",
        "filename": "notebooks\\07_avaliacao_comparativa.ipynb",
        "hashed_secret": "e9fea335d59dc693b3646559179efb4c2d5c4fbd",
        "is_verified": false,
        "line_number": 202
      },
      {
        "type": "Hex High Entropy String",
        "filename": "notebooks\\07_avaliacao_comparativa.ipynb",
        "hashed_secret": "9e8151d8c3ceca78404381832ab1faa4f2e3f88b",
        "is_verified": false,
        "line_number": 215
      },
      {
        "type": "Hex High Entropy String",
        "filename": "notebooks\\07_avaliacao_comparativa.ipynb",
        "hashed_secret": "e44c97e80dd328fe374feab439d6dc4cb0981741",
        "is_verified": false,
        "line_number": 259
      }
    ],
    "src\\hypothesaes\\llm_api.py": [
      {
        "type": "Secret Keyword",
        "filename": "src\\hypothesaes\\llm_api.py",
        "hashed_secret": "63fd23fd2e535b42eaeec17b24716c1a0276d863",
        "is_verified": false,
        "line_number": 57
      }
    ]
  },
  "generated_at": "2026-09-09T19:21:30Z"
}
